--- ENDPOINT START 4 --- table=vtaritem, company=1
Found 6 table selections
MATCH FOUND: VtaRItem -> CodCia, coddoc, nrodoc
--- ENDPOINT START 4 --- table=vtaritem, company=1
Found 6 table selections
MATCH FOUND: VtaRItem -> CodCia, coddoc, nrodoc
--- ENDPOINT START 4 --- table=vtaritem, company=1
Found 6 table selections
MATCH FOUND: VtaRItem -> CodCia, coddoc, nrodoc
--- ENDPOINT START 4 --- table=vtaritem, company=1
Found 6 table selections
MATCH FOUND: VtaRItem -> CodCia, coddoc, nrodoc
--- ENDPOINT START 4 --- table=vtaritem, company=1
Found 6 table selections
MATCH FOUND: VtaRItem -> CodCia, coddoc, nrodoc
--- ENDPOINT START 4 --- table=vtaritem, company=1
Found 6 table selections
MATCH FOUND: VtaRItem -> CodCia, coddoc, nrodoc
--- ENDPOINT START 4 --- table=vtaritem, company=1
Found 6 table selections
MATCH FOUND: VtaRItem -> CodCia, coddoc, nrodoc
--- ENDPOINT START 4 --- table=vtaritem, company=1
Found 6 table selections
MATCH FOUND: VtaRItem -> CodCia, coddoc, nrodoc
--- ENDPOINT START 4 --- table=vtaritem, company=1
Found 6 table selections
MATCH FOUND: VtaRItem -> CodCia, coddoc, nrodoc
--- ENDPOINT START 4 --- table=vtaritem, company=1
Found 6 table selections
MATCH FOUND: VtaRItem -> CodCia, coddoc, nrodoc
--- ENDPOINT START 4 --- table=vtaritem, company=1
Found 6 table selections
MATCH FOUND: VtaRItem -> CodCia, coddoc, nrodoc
--- ENDPOINT START 4 --- table=vtaritem, company=1
Found 6 table selections
MATCH FOUND: VtaRItem -> CodCia, coddoc, nrodoc
--- ENDPOINT START 4 --- table=vtaritem, company=1
Found 6 table selections
MATCH FOUND: VtaRItem -> CodCia, coddoc, nrodoc
--- ENDPOINT START 4 --- table=vtaritem, company=1
Found 6 table selections
MATCH FOUND: VtaRItem -> CodCia, coddoc, nrodoc
--- ENDPOINT START 4 --- table=vtaritem, company=1
Found 6 table selections
MATCH FOUND: VtaRItem -> CodCia, coddoc, nrodoc
--- ENDPOINT START 4 --- table=vtaritem, company=1
Found 6 table selections
MATCH FOUND: VtaRItem -> CodCia, coddoc, nrodoc
--- ENDPOINT START 4 --- table=vtaritem, company=1
Found 6 table selections
MATCH FOUND: VtaRItem -> CodCia, coddoc, nrodoc
--- ENDPOINT START 4 --- table=vtaritem, company=1
Found 6 table selections
MATCH FOUND: VtaRItem -> CodCia, coddoc, nrodoc
--- ENDPOINT START 4 --- table=vtaritem, company=1
Found 6 table selections
MATCH FOUND: VtaRItem -> CodCia, coddoc, nrodoc
--- ENDPOINT START 4 --- table=vtaritem, company=1
Found 6 table selections
MATCH FOUND: VtaRItem -> CodCia, coddoc, nrodoc
--- ENDPOINT START 4 --- table=vtaritem, company=1
Found 6 table selections
MATCH FOUND: VtaRItem -> CodCia, coddoc, nrodoc
--- ENDPOINT START 4 --- table=vtaritem, company=1
Found 6 table selections
MATCH FOUND: VtaRItem -> CodCia, coddoc, nrodoc
--- ENDPOINT START 4 --- table=vtaritem, company=1
Found 6 table selections
MATCH FOUND: VtaRItem -> CodCia, coddoc, nrodoc
--- ENDPOINT START 4 --- table=vtaritem, company=1
Found 6 table selections
MATCH FOUND: VtaRItem -> CodCia, coddoc, nrodoc
--- ENDPOINT START 4 --- table=vtaritem, company=1
Found 6 table selections
MATCH FOUND: VtaRItem -> CodCia, coddoc, nrodoc
--- ENDPOINT START 4 --- table=vtaritem, company=1
Found 6 table selections
MATCH FOUND: VtaRItem -> CodCia, coddoc, nrodoc
--- ENDPOINT START 4 --- table=vtaritem, company=1
Found 6 table selections
MATCH FOUND: VtaRItem -> CodCia, coddoc, nrodoc
--- ENDPOINT START 4 --- table=vtaritem, company=1
Found 6 table selections
MATCH FOUND: VtaRItem -> CodCia, coddoc, nrodoc
--- ENDPOINT START 4 --- table=vtaritem, company=1
Found 6 table selections
MATCH FOUND: VtaRItem -> CodCia, coddoc, nrodoc
--- ENDPOINT START 4 --- table=vtaritem, company=1
Found 6 table selections
MATCH FOUND: VtaRItem -> CodCia, coddoc, nrodoc
--- ENDPOINT START 4 --- table=vtaritem, company=1
Found 6 table selections
MATCH FOUND: VtaRItem -> CodCia, coddoc, nrodoc
--- ENDPOINT START 4 --- table=vtaritem, company=1
Found 6 table selections
MATCH FOUND: VtaRItem -> CodCia, coddoc, nrodoc
--- ENDPOINT START 4 --- table=vtaritem, company=1
Found 6 table selections
MATCH FOUND: VtaRItem -> CodCia, coddoc, nrodoc
--- ENDPOINT START 4 --- table=vtaritem, company=1
Found 6 table selections
MATCH FOUND: VtaRItem -> CodCia, coddoc, nrodoc
--- ENDPOINT START 4 --- table=vtaritem, company=1
Found 6 table selections
MATCH FOUND: VtaRItem -> CodCia, coddoc, nrodoc
--- ENDPOINT START 4 --- table=vtaritem, company=1
Found 6 table selections
MATCH FOUND: VtaRItem -> CodCia, coddoc, nrodoc
--- ENDPOINT START 4 --- table=vtaritem, company=1
Found 6 table selections
MATCH FOUND: VtaRItem -> CodCia, coddoc, nrodoc
--- ENDPOINT START 4 --- table=vtaritem, company=1
Found 6 table selections
MATCH FOUND: VtaRItem -> CodCia, coddoc, nrodoc
--- ENDPOINT START 4 --- table=vtaritem, company=1
Found 6 table selections
MATCH FOUND: VtaRItem -> CodCia, coddoc, nrodoc
--- ENDPOINT START 4 --- table=vtaritem, company=1
Found 6 table selections
MATCH FOUND: VtaRItem -> CodCia, coddoc, nrodoc
--- ENDPOINT START 4 --- table=vtaritem, company=1
Found 6 table selections
MATCH FOUND: VtaRItem -> CodCia, coddoc, nrodoc
--- ENDPOINT START 4 --- table=vtaritem, company=1
Found 6 table selections
MATCH FOUND: VtaRItem -> CodCia, coddoc, nrodoc
--- ENDPOINT START 4 --- table=vtaritem, company=1
Found 6 table selections
MATCH FOUND: VtaRItem -> CodCia, coddoc, nrodoc
--- ENDPOINT START 4 --- table=vtaritem, company=1
Found 6 table selections
MATCH FOUND: VtaRItem -> CodCia, coddoc, nrodoc
--- ENDPOINT START 4 --- table=vtaritem, company=1
Found 6 table selections
MATCH FOUND: VtaRItem -> CodCia, coddoc, nrodoc
--- ENDPOINT START 4 --- table=vtaritem, company=1
Found 6 table selections
MATCH FOUND: VtaRItem -> CodCia, coddoc, nrodoc
--- ENDPOINT START 4 --- table=vtaritem, company=1
Found 6 table selections
MATCH FOUND: VtaRItem -> CodCia, coddoc, nrodoc
--- ENDPOINT START 4 --- table=vtaritem, company=1
Found 6 table selections
MATCH FOUND: VtaRItem -> CodCia, coddoc, nrodoc
--- ENDPOINT START 4 --- table=vtaritem, company=1
Found 6 table selections
MATCH FOUND: VtaRItem -> CodCia, coddoc, nrodoc
--- ENDPOINT START 4 --- table=vtaritem, company=1
Found 6 table selections
MATCH FOUND: VtaRItem -> CodCia, coddoc, nrodoc
--- ENDPOINT START 4 --- table=vtaritem, company=1
Found 6 table selections
MATCH FOUND: VtaRItem -> CodCia, coddoc, nrodoc
--- ENDPOINT START 4 --- table=vtaritem, company=1
Found 6 table selections
MATCH FOUND: VtaRItem -> CodCia, coddoc, nrodoc
--- ENDPOINT START 4 --- table=vtaritem, company=1
Found 6 table selections
MATCH FOUND: VtaRItem -> CodCia, coddoc, nrodoc
--- ENDPOINT START 4 --- table=vtaritem, company=1
Found 6 table selections
MATCH FOUND: VtaRItem -> CodCia, coddoc, nrodoc
--- ENDPOINT START 4 --- table=vtaritem, company=1
Found 6 table selections
MATCH FOUND: VtaRItem -> CodCia, coddoc, nrodoc
--- ENDPOINT START 4 --- table=vtaritem, company=1
Found 6 table selections
MATCH FOUND: VtaRItem -> CodCia, coddoc, nrodoc
--- ENDPOINT START 4 --- table=vtaritem, company=1
Found 6 table selections
MATCH FOUND: VtaRItem -> CodCia, coddoc, nrodoc
--- ENDPOINT START 5 --- table=ccbmvtos, company=1
Found 6 table selections
MATCH FOUND: CcbMVtos -> coddoc, nrodoc
--- ENDPOINT START 5 --- table=ccbmvtos, company=1
Found 6 table selections
MATCH FOUND: CcbMVtos -> coddoc, nrodoc
--- ENDPOINT START 5 --- table=ccbmvtos, company=1
Found 6 table selections
MATCH FOUND: CcbMVtos -> coddoc, nrodoc
--- ENDPOINT START 5 --- table=ccbmvtos, company=1
Found 6 table selections
MATCH FOUND: CcbMVtos -> coddoc, nrodoc
--- ENDPOINT START 5 --- table=ccbmvtos, company=1
Found 6 table selections
MATCH FOUND: CcbMVtos -> coddoc, nrodoc
--- ENDPOINT START 5 --- table=ccbmvtos, company=1
Found 6 table selections
MATCH FOUND: CcbMVtos -> coddoc, nrodoc
--- ENDPOINT START 4 --- table=vtaritem, company=1
Found 6 table selections
MATCH FOUND: VtaRItem -> CodCia, coddoc, nrodoc
--- ENDPOINT START 4 --- table=vtaritem, company=1
Found 6 table selections
MATCH FOUND: VtaRItem -> CodCia, coddoc, nrodoc
